\BOOKMARK [1][-]{section.1}{\376\377\000I\000n\000t\000r\000o\000d\000u\000c\000t\000i\000o\000n\000\040\000t\000o\000\040\000S\000u\000b\000f\000a\000c\000t\000o\000r\000\040\000T\000h\000e\000o\000r\000y}{}% 1
\BOOKMARK [2][-]{subsection.1.1}{\376\377\000T\000h\000e\000\040\000C\000o\000r\000e\000\040\000I\000d\000e\000a\000:\000\040\000A\000n\000\040\000A\000l\000g\000e\000b\000r\000a\000\040\000I\000n\000s\000i\000d\000e\000\040\000a\000n\000\040\000A\000l\000g\000e\000b\000r\000a}{section.1}% 2
\BOOKMARK [2][-]{subsection.1.2}{\376\377\000T\000h\000e\000\040\000J\000o\000n\000e\000s\000\040\000I\000n\000d\000e\000x\000:\000\040\000A\000\040\000M\000e\000a\000s\000u\000r\000e\000\040\000o\000f\000\040\000S\000i\000z\000e}{section.1}% 3
\BOOKMARK [2][-]{subsection.1.3}{\376\377\000G\000r\000a\000p\000h\000i\000c\000a\000l\000\040\000I\000n\000v\000a\000r\000i\000a\000n\000t\000s\000:\000\040\000S\000e\000e\000i\000n\000g\000\040\000t\000h\000e\000\040\000S\000t\000r\000u\000c\000t\000u\000r\000e}{section.1}% 4
\BOOKMARK [1][-]{section.2}{\376\377\000P\000a\000r\000t\000\040\0001\000\040\000\050\000E\000x\000p\000a\000n\000d\000e\000d\000\051\000:\000\040\000A\000\040\000D\000e\000e\000p\000\040\000D\000i\000v\000e\000\040\000i\000n\000t\000o\000\040\000O\000p\000e\000r\000a\000t\000o\000r\000\040\000A\000l\000g\000e\000b\000r\000a\000s}{}% 5
\BOOKMARK [2][-]{subsection.2.1}{\376\377\000C\000*\000-\000A\000l\000g\000e\000b\000r\000a\000s\000:\000\040\000T\000h\000e\000\040\000L\000a\000n\000d\000s\000c\000a\000p\000e}{section.2}% 6
\BOOKMARK [2][-]{subsection.2.2}{\376\377\000H\000i\000l\000b\000e\000r\000t\000\040\000S\000p\000a\000c\000e\000s\000\040\000a\000n\000d\000\040\000B\000o\000u\000n\000d\000e\000d\000\040\000O\000p\000e\000r\000a\000t\000o\000r\000s}{section.2}% 7
\BOOKMARK [2][-]{subsection.2.3}{\376\377\000P\000r\000o\000j\000e\000c\000t\000i\000o\000n\000s\000\040\000a\000n\000d\000\040\000P\000a\000r\000t\000i\000a\000l\000\040\000I\000s\000o\000m\000e\000t\000r\000i\000e\000s}{section.2}% 8
\BOOKMARK [2][-]{subsection.2.4}{\376\377\000V\000o\000n\000\040\000N\000e\000u\000m\000a\000n\000n\000\040\000A\000l\000g\000e\000b\000r\000a\000s\000:\000\040\000T\000h\000e\000\040\000M\000a\000i\000n\000\040\000C\000h\000a\000r\000a\000c\000t\000e\000r\000s}{section.2}% 9
\BOOKMARK [2][-]{subsection.2.5}{\376\377\000F\000a\000c\000t\000o\000r\000s\000:\000\040\000T\000h\000e\000\040\000B\000u\000i\000l\000d\000i\000n\000g\000\040\000B\000l\000o\000c\000k\000s}{section.2}% 10
\BOOKMARK [2][-]{subsection.2.6}{\376\377\000T\000h\000e\000\040\000T\000r\000a\000c\000e\000\040\000a\000n\000d\000\040\000T\000r\000a\000c\000i\000a\000l\000\040\000S\000t\000a\000t\000e\000s}{section.2}% 11
\BOOKMARK [2][-]{subsection.2.7}{\376\377\000T\000h\000e\000\040\000M\000u\000r\000r\000a\000y\000-\000v\000o\000n\000\040\000N\000e\000u\000m\000a\000n\000n\000\040\000C\000l\000a\000s\000s\000i\000f\000i\000c\000a\000t\000i\000o\000n\000\040\000o\000f\000\040\000F\000a\000c\000t\000o\000r\000s}{section.2}% 12
\BOOKMARK [2][-]{subsection.2.8}{\376\377\000C\000o\000n\000d\000i\000t\000i\000o\000n\000a\000l\000\040\000E\000x\000p\000e\000c\000t\000a\000t\000i\000o\000n\000s\000\040\000i\000n\000\040\000v\000o\000n\000\040\000N\000e\000u\000m\000a\000n\000n\000\040\000A\000l\000g\000e\000b\000r\000a\000s}{section.2}% 13
\BOOKMARK [2][-]{subsection.2.9}{\376\377\000F\000i\000n\000i\000t\000e\000\040\000I\000n\000d\000e\000x\000\040\000T\000h\000e\000o\000r\000y\000\040\000a\000n\000d\000\040\000t\000h\000e\000\040\000B\000a\000s\000i\000c\000\040\000C\000o\000n\000s\000t\000r\000u\000c\000t\000i\000o\000n}{section.2}% 14
\BOOKMARK [2][-]{subsection.2.10}{\376\377\000P\000r\000o\000p\000e\000r\000t\000i\000e\000s\000\040\000o\000f\000\040\000T\000y\000p\000e\000\040\000I\000I\0001\000\040\000F\000a\000c\000t\000o\000r\000s\000\040\000E\000s\000s\000e\000n\000t\000i\000a\000l\000\040\000f\000o\000r\000\040\000S\000u\000b\000f\000a\000c\000t\000o\000r\000\040\000T\000h\000e\000o\000r\000y}{section.2}% 15
\BOOKMARK [2][-]{subsection.2.11}{\376\377\000I\000n\000c\000l\000u\000s\000i\000o\000n\000s\000\040\000o\000f\000\040\000F\000a\000c\000t\000o\000r\000s\000\040\000a\000n\000d\000\040\000R\000e\000l\000a\000t\000i\000v\000e\000\040\000C\000o\000m\000m\000u\000t\000a\000n\000t\000s}{section.2}% 16
\BOOKMARK [2][-]{subsection.2.12}{\376\377\000W\000o\000r\000k\000e\000d\000\040\000E\000x\000a\000m\000p\000l\000e\000s\000\040\000B\000u\000i\000l\000d\000i\000n\000g\000\040\000T\000o\000w\000a\000r\000d\000\040\000t\000h\000e\000\040\000J\000o\000n\000e\000s\000\040\000I\000n\000d\000e\000x}{section.2}% 17
\BOOKMARK [2][-]{subsection.2.13}{\376\377\000T\000h\000e\000\040\000G\000N\000S\000\040\000C\000o\000n\000s\000t\000r\000u\000c\000t\000i\000o\000n\000\040\000a\000n\000d\000\040\000L\000\262\000-\000S\000p\000a\000c\000e\000s}{section.2}% 18
\BOOKMARK [2][-]{subsection.2.14}{\376\377\000B\000i\000m\000o\000d\000u\000l\000e\000s\000\040\000a\000n\000d\000\040\000t\000h\000e\000\040\000P\000i\000m\000s\000n\000e\000r\000-\000P\000o\000p\000a\000\040\000I\000n\000e\000q\000u\000a\000l\000i\000t\000y}{section.2}% 19
\BOOKMARK [2][-]{subsection.2.15}{\376\377\000P\000r\000e\000p\000a\000r\000a\000t\000o\000r\000y\000\040\000R\000e\000s\000u\000l\000t\000s\000\040\000f\000o\000r\000\040\000t\000h\000e\000\040\000J\000o\000n\000e\000s\000\040\000I\000n\000d\000e\000x}{section.2}% 20
\BOOKMARK [1][-]{section.3}{\376\377\000P\000a\000r\000t\000\040\0003\000:\000\040\000P\000r\000i\000n\000c\000i\000p\000a\000l\000\040\000G\000r\000a\000p\000h\000s\000\040\000a\000n\000d\000\040\000G\000r\000a\000p\000h\000i\000c\000a\000l\000\040\000I\000n\000v\000a\000r\000i\000a\000n\000t\000s}{}% 21
\BOOKMARK [2][-]{subsection.3.1}{\376\377\000B\000i\000m\000o\000d\000u\000l\000e\000s\000,\000\040\000t\000h\000e\000\040\000H\000e\000a\000r\000t\000\040\000o\000f\000\040\000t\000h\000e\000\040\000M\000a\000t\000t\000e\000r}{section.3}% 22
\BOOKMARK [2][-]{subsection.3.2}{\376\377\000C\000o\000n\000s\000t\000r\000u\000c\000t\000i\000n\000g\000\040\000t\000h\000e\000\040\000P\000r\000i\000n\000c\000i\000p\000a\000l\000\040\000G\000r\000a\000p\000h\000:\000\040\000A\000\040\000S\000t\000e\000p\000-\000b\000y\000-\000S\000t\000e\000p\000\040\000G\000u\000i\000d\000e}{section.3}% 23
\BOOKMARK [2][-]{subsection.3.3}{\376\377\000B\000i\000m\000o\000d\000u\000l\000e\000s\000\040\000a\000n\000d\000\040\000F\000u\000s\000i\000o\000n\000\040\000R\000u\000l\000e\000s}{section.3}% 24
\BOOKMARK [2][-]{subsection.3.4}{\376\377\000C\000o\000n\000s\000t\000r\000u\000c\000t\000i\000n\000g\000\040\000t\000h\000e\000\040\000P\000r\000i\000n\000c\000i\000p\000a\000l\000\040\000G\000r\000a\000p\000h}{section.3}% 25
\BOOKMARK [2][-]{subsection.3.5}{\376\377\000T\000h\000e\000\040\000A\000-\000D\000-\000E\000\040\000C\000l\000a\000s\000s\000i\000f\000i\000c\000a\000t\000i\000o\000n}{section.3}% 26
\BOOKMARK [2][-]{subsection.3.6}{\376\377\000T\000h\000e\000\040\000T\000o\000w\000e\000r\000\040\000o\000f\000\040\000R\000e\000l\000a\000t\000i\000v\000e\000\040\000C\000o\000m\000m\000u\000t\000a\000n\000t\000s}{section.3}% 27
\BOOKMARK [1][-]{section.4}{\376\377\000P\000a\000r\000t\000\040\0004\000:\000\040\000A\000\040\000M\000e\000n\000a\000g\000e\000r\000i\000e\000\040\000o\000f\000\040\000E\000x\000a\000m\000p\000l\000e\000s}{}% 28
\BOOKMARK [2][-]{subsection.4.1}{\376\377\000H\000o\000w\000\040\000t\000o\000\040\000R\000e\000a\000d\000\040\000a\000n\000d\000\040\000U\000s\000e\000\040\000T\000h\000e\000s\000e\000\040\000E\000x\000a\000m\000p\000l\000e\000s}{section.4}% 29
\BOOKMARK [2][-]{subsection.4.2}{\376\377\000S\000u\000b\000f\000a\000c\000t\000o\000r\000s\000\040\000f\000r\000o\000m\000\040\000F\000i\000n\000i\000t\000e\000\040\000G\000r\000o\000u\000p\000s}{section.4}% 30
\BOOKMARK [3][-]{subsubsection.4.2.1}{\376\377\000S\000t\000e\000p\000-\000b\000y\000-\000s\000t\000e\000p\000\040\000c\000o\000m\000p\000u\000t\000a\000t\000i\000o\000n\000\040\000o\000f\000\040\000t\000h\000e\000\040\000p\000r\000i\000n\000c\000i\000p\000a\000l\000\040\000g\000r\000a\000p\000h}{subsection.4.2}% 31
\BOOKMARK [2][-]{subsection.4.3}{\376\377\000Q\000u\000a\000n\000t\000u\000m\000\040\000G\000r\000o\000u\000p\000\040\000a\000n\000d\000\040\000F\000u\000s\000i\000o\000n\000\040\000C\000a\000t\000e\000g\000o\000r\000y\000\040\000E\000x\000a\000m\000p\000l\000e\000s}{section.4}% 32
\BOOKMARK [3][-]{subsubsection.4.3.1}{\376\377\000T\000e\000m\000p\000e\000r\000l\000e\000y\040\023\000L\000i\000e\000b\000\040\000r\000e\000a\000l\000i\000s\000a\000t\000i\000o\000n}{subsection.4.3}% 33
\BOOKMARK [2][-]{subsection.4.4}{\376\377\000E\000x\000c\000e\000p\000t\000i\000o\000n\000a\000l\000\040\000a\000n\000d\000\040\000E\000x\000o\000t\000i\000c\000\040\000C\000o\000n\000s\000t\000r\000u\000c\000t\000i\000o\000n\000s}{section.4}% 34
\BOOKMARK [3][-]{subsubsection.4.4.1}{\376\377\000H\000a\000a\000g\000e\000r\000u\000p\000\040\000f\000a\000m\000i\000l\000y}{subsection.4.4}% 35
\BOOKMARK [3][-]{subsubsection.4.4.2}{\376\377\000N\000e\000a\000r\000-\000g\000r\000o\000u\000p\000\040\000a\000n\000d\000\040\000I\000z\000u\000m\000i\000\040\000t\000y\000p\000e\000\040\000e\000x\000a\000m\000p\000l\000e\000s}{subsection.4.4}% 36
\BOOKMARK [1][-]{section.5}{\376\377\000P\000a\000r\000t\000\040\0005\000:\000\040\000A\000d\000v\000a\000n\000c\000e\000d\000\040\000T\000o\000p\000i\000c\000s}{}% 37
\BOOKMARK [1][-]{appendix.A}{\376\377\000C\000h\000a\000r\000a\000c\000t\000e\000r\000\040\000T\000a\000b\000l\000e\000s\000\040\000f\000o\000r\000\040\000A\000\137\000n}{}% 38
